mode: set
github.com/tisayama/gorsudp/pkg/shakenet/packet.go:23.53,28.19 3 1
github.com/tisayama/gorsudp/pkg/shakenet/packet.go:33.2,33.66 1 1
github.com/tisayama/gorsudp/pkg/shakenet/packet.go:36.2,39.64 2 1
github.com/tisayama/gorsudp/pkg/shakenet/packet.go:44.2,45.20 2 1
github.com/tisayama/gorsudp/pkg/shakenet/packet.go:50.2,51.19 2 1
github.com/tisayama/gorsudp/pkg/shakenet/packet.go:54.2,59.16 4 1
github.com/tisayama/gorsudp/pkg/shakenet/packet.go:64.2,70.34 5 1
github.com/tisayama/gorsudp/pkg/shakenet/packet.go:83.2,83.20 1 1
github.com/tisayama/gorsudp/pkg/shakenet/packet.go:87.2,88.20 2 1
github.com/tisayama/gorsudp/pkg/shakenet/packet.go:28.19,30.3 1 1
github.com/tisayama/gorsudp/pkg/shakenet/packet.go:33.66,35.3 1 1
github.com/tisayama/gorsudp/pkg/shakenet/packet.go:39.64,41.3 1 0
github.com/tisayama/gorsudp/pkg/shakenet/packet.go:45.20,47.3 1 1
github.com/tisayama/gorsudp/pkg/shakenet/packet.go:51.19,53.3 1 0
github.com/tisayama/gorsudp/pkg/shakenet/packet.go:59.16,61.3 1 1
github.com/tisayama/gorsudp/pkg/shakenet/packet.go:70.34,72.21 2 1
github.com/tisayama/gorsudp/pkg/shakenet/packet.go:76.3,77.17 2 1
github.com/tisayama/gorsudp/pkg/shakenet/packet.go:80.3,80.36 1 1
github.com/tisayama/gorsudp/pkg/shakenet/packet.go:72.21,73.12 1 0
github.com/tisayama/gorsudp/pkg/shakenet/packet.go:77.17,79.4 1 1
github.com/tisayama/gorsudp/pkg/shakenet/packet.go:83.20,85.3 1 0
github.com/tisayama/gorsudp/pkg/shakenet/packet.go:92.41,94.2 1 0
github.com/tisayama/gorsudp/pkg/shakenet/packet.go:97.44,99.2 1 1
github.com/tisayama/gorsudp/pkg/shakenet/packet.go:102.39,104.2 1 0
github.com/tisayama/gorsudp/pkg/shakenet/packet.go:107.37,109.27 2 1
github.com/tisayama/gorsudp/pkg/shakenet/packet.go:113.2,116.31 1 1
github.com/tisayama/gorsudp/pkg/shakenet/packet.go:109.27,111.3 1 1
github.com/tisayama/gorsudp/pkg/shakenet/packet.go:120.46,122.2 1 0
github.com/tisayama/gorsudp/pkg/shakenet/packet.go:125.43,133.38 2 1
github.com/tisayama/gorsudp/pkg/shakenet/packet.go:138.2,138.14 1 1
github.com/tisayama/gorsudp/pkg/shakenet/packet.go:133.38,134.25 1 1
github.com/tisayama/gorsudp/pkg/shakenet/packet.go:134.25,136.4 1 1
github.com/tisayama/gorsudp/pkg/shakenet/packet.go:143.42,144.21 1 1
github.com/tisayama/gorsudp/pkg/shakenet/packet.go:145.10,146.15 1 1
github.com/tisayama/gorsudp/pkg/shakenet/packet.go:147.10,148.14 1 1
github.com/tisayama/gorsudp/pkg/shakenet/packet.go:149.10,151.24 1 1
github.com/tisayama/gorsudp/pkg/shakenet/packet.go:154.3,154.14 1 1
github.com/tisayama/gorsudp/pkg/shakenet/packet.go:151.24,153.4 1 1
github.com/tisayama/gorsudp/pkg/dsp/deconvolution.go:19.44,20.11 1 0
github.com/tisayama/gorsudp/pkg/dsp/deconvolution.go:21.22,22.15 1 0
github.com/tisayama/gorsudp/pkg/dsp/deconvolution.go:23.26,24.15 1 0
github.com/tisayama/gorsudp/pkg/dsp/deconvolution.go:25.26,26.16 1 0
github.com/tisayama/gorsudp/pkg/dsp/deconvolution.go:27.21,28.16 1 0
github.com/tisayama/gorsudp/pkg/dsp/deconvolution.go:29.21,30.16 1 0
github.com/tisayama/gorsudp/pkg/dsp/deconvolution.go:31.10,32.19 1 0
github.com/tisayama/gorsudp/pkg/dsp/deconvolution.go:37.66,38.11 1 0
github.com/tisayama/gorsudp/pkg/dsp/deconvolution.go:39.13,40.29 1 0
github.com/tisayama/gorsudp/pkg/dsp/deconvolution.go:41.13,42.33 1 0
github.com/tisayama/gorsudp/pkg/dsp/deconvolution.go:43.14,44.33 1 0
github.com/tisayama/gorsudp/pkg/dsp/deconvolution.go:45.14,46.28 1 0
github.com/tisayama/gorsudp/pkg/dsp/deconvolution.go:47.14,48.28 1 0
github.com/tisayama/gorsudp/pkg/dsp/deconvolution.go:49.10,50.73 1 0
github.com/tisayama/gorsudp/pkg/dsp/deconvolution.go:61.51,62.20 1 0
github.com/tisayama/gorsudp/pkg/dsp/deconvolution.go:63.22,64.48 1 0
github.com/tisayama/gorsudp/pkg/dsp/deconvolution.go:65.26,66.54 1 0
github.com/tisayama/gorsudp/pkg/dsp/deconvolution.go:67.26,68.50 1 0
github.com/tisayama/gorsudp/pkg/dsp/deconvolution.go:69.21,70.51 1 0
github.com/tisayama/gorsudp/pkg/dsp/deconvolution.go:71.21,72.59 1 0
github.com/tisayama/gorsudp/pkg/dsp/deconvolution.go:73.10,74.44 1 0
github.com/tisayama/gorsudp/pkg/dsp/deconvolution.go:98.122,99.31 1 0
github.com/tisayama/gorsudp/pkg/dsp/deconvolution.go:103.2,103.21 1 0
github.com/tisayama/gorsudp/pkg/dsp/deconvolution.go:107.2,112.8 1 0
github.com/tisayama/gorsudp/pkg/dsp/deconvolution.go:99.31,101.3 1 0
github.com/tisayama/gorsudp/pkg/dsp/deconvolution.go:103.21,105.3 1 0
github.com/tisayama/gorsudp/pkg/dsp/deconvolution.go:116.69,119.30 2 0
github.com/tisayama/gorsudp/pkg/dsp/deconvolution.go:125.2,125.37 1 0
github.com/tisayama/gorsudp/pkg/dsp/deconvolution.go:119.30,122.3 1 0
github.com/tisayama/gorsudp/pkg/dsp/deconvolution.go:129.71,132.22 2 0
github.com/tisayama/gorsudp/pkg/dsp/deconvolution.go:161.2,161.20 1 0
github.com/tisayama/gorsudp/pkg/dsp/deconvolution.go:133.22,135.21 1 0
github.com/tisayama/gorsudp/pkg/dsp/deconvolution.go:137.26,139.33 1 0
github.com/tisayama/gorsudp/pkg/dsp/deconvolution.go:141.26,143.29 1 0
github.com/tisayama/gorsudp/pkg/dsp/deconvolution.go:145.21,149.36 2 0
github.com/tisayama/gorsudp/pkg/dsp/deconvolution.go:153.21,155.21 1 0
github.com/tisayama/gorsudp/pkg/dsp/deconvolution.go:157.10,158.77 1 0
github.com/tisayama/gorsudp/pkg/dsp/deconvolution.go:149.36,151.4 1 0
github.com/tisayama/gorsudp/pkg/dsp/deconvolution.go:165.63,166.19 1 0
github.com/tisayama/gorsudp/pkg/dsp/deconvolution.go:170.2,177.35 4 0
github.com/tisayama/gorsudp/pkg/dsp/deconvolution.go:182.2,184.15 2 0
github.com/tisayama/gorsudp/pkg/dsp/deconvolution.go:166.19,168.3 1 0
github.com/tisayama/gorsudp/pkg/dsp/deconvolution.go:177.35,179.3 1 0
github.com/tisayama/gorsudp/pkg/dsp/deconvolution.go:188.59,189.20 1 0
github.com/tisayama/gorsudp/pkg/dsp/deconvolution.go:193.2,199.33 4 0
github.com/tisayama/gorsudp/pkg/dsp/deconvolution.go:204.2,205.24 2 0
github.com/tisayama/gorsudp/pkg/dsp/deconvolution.go:209.2,209.15 1 0
github.com/tisayama/gorsudp/pkg/dsp/deconvolution.go:189.20,191.3 1 0
github.com/tisayama/gorsudp/pkg/dsp/deconvolution.go:199.33,201.3 1 0
github.com/tisayama/gorsudp/pkg/dsp/deconvolution.go:205.24,207.3 1 0
github.com/tisayama/gorsudp/pkg/dsp/deconvolution.go:213.61,214.20 1 0
github.com/tisayama/gorsudp/pkg/dsp/deconvolution.go:218.2,219.25 2 0
github.com/tisayama/gorsudp/pkg/dsp/deconvolution.go:222.2,222.33 1 0
github.com/tisayama/gorsudp/pkg/dsp/deconvolution.go:214.20,216.3 1 0
github.com/tisayama/gorsudp/pkg/dsp/deconvolution.go:219.25,221.3 1 0
github.com/tisayama/gorsudp/pkg/dsp/deconvolution.go:234.146,235.22 1 0
github.com/tisayama/gorsudp/pkg/dsp/deconvolution.go:239.2,239.21 1 0
github.com/tisayama/gorsudp/pkg/dsp/deconvolution.go:243.2,248.8 1 0
github.com/tisayama/gorsudp/pkg/dsp/deconvolution.go:235.22,237.3 1 0
github.com/tisayama/gorsudp/pkg/dsp/deconvolution.go:239.21,241.3 1 0
github.com/tisayama/gorsudp/pkg/dsp/deconvolution.go:252.75,255.22 2 0
github.com/tisayama/gorsudp/pkg/dsp/deconvolution.go:291.2,291.20 1 0
github.com/tisayama/gorsudp/pkg/dsp/deconvolution.go:256.22,258.31 1 0
github.com/tisayama/gorsudp/pkg/dsp/deconvolution.go:262.26,264.31 1 0
github.com/tisayama/gorsudp/pkg/dsp/deconvolution.go:268.21,270.31 1 0
github.com/tisayama/gorsudp/pkg/dsp/deconvolution.go:275.26,278.31 2 0
github.com/tisayama/gorsudp/pkg/dsp/deconvolution.go:281.3,281.33 1 0
github.com/tisayama/gorsudp/pkg/dsp/deconvolution.go:283.21,285.45 1 0
github.com/tisayama/gorsudp/pkg/dsp/deconvolution.go:287.10,288.77 1 0
github.com/tisayama/gorsudp/pkg/dsp/deconvolution.go:258.31,260.4 1 0
github.com/tisayama/gorsudp/pkg/dsp/deconvolution.go:264.31,266.4 1 0
github.com/tisayama/gorsudp/pkg/dsp/deconvolution.go:270.31,273.4 2 0
github.com/tisayama/gorsudp/pkg/dsp/deconvolution.go:278.31,280.4 1 0
github.com/tisayama/gorsudp/pkg/dsp/deconvolution.go:295.81,299.9 2 0
github.com/tisayama/gorsudp/pkg/dsp/deconvolution.go:323.2,323.15 1 0
github.com/tisayama/gorsudp/pkg/dsp/deconvolution.go:300.89,302.31 1 0
github.com/tisayama/gorsudp/pkg/dsp/deconvolution.go:306.68,308.31 1 0
github.com/tisayama/gorsudp/pkg/dsp/deconvolution.go:312.54,314.31 1 0
github.com/tisayama/gorsudp/pkg/dsp/deconvolution.go:318.10,320.21 1 0
github.com/tisayama/gorsudp/pkg/dsp/deconvolution.go:302.31,304.4 1 0
github.com/tisayama/gorsudp/pkg/dsp/deconvolution.go:308.31,310.4 1 0
github.com/tisayama/gorsudp/pkg/dsp/deconvolution.go:314.31,316.4 1 0
github.com/tisayama/gorsudp/pkg/dsp/deconvolution.go:327.65,328.20 1 0
github.com/tisayama/gorsudp/pkg/dsp/deconvolution.go:332.2,336.33 4 0
github.com/tisayama/gorsudp/pkg/dsp/deconvolution.go:341.2,342.27 2 0
github.com/tisayama/gorsudp/pkg/dsp/deconvolution.go:345.2,347.24 2 0
github.com/tisayama/gorsudp/pkg/dsp/deconvolution.go:351.2,351.15 1 0
github.com/tisayama/gorsudp/pkg/dsp/deconvolution.go:328.20,330.3 1 0
github.com/tisayama/gorsudp/pkg/dsp/deconvolution.go:336.33,338.3 1 0
github.com/tisayama/gorsudp/pkg/dsp/deconvolution.go:342.27,344.3 1 0
github.com/tisayama/gorsudp/pkg/dsp/deconvolution.go:347.24,349.3 1 0
github.com/tisayama/gorsudp/pkg/dsp/deconvolution.go:355.52,356.29 1 0
github.com/tisayama/gorsudp/pkg/dsp/deconvolution.go:361.2,361.14 1 0
github.com/tisayama/gorsudp/pkg/dsp/deconvolution.go:356.29,357.16 1 0
github.com/tisayama/gorsudp/pkg/dsp/deconvolution.go:357.16,359.4 1 0
github.com/tisayama/gorsudp/pkg/dsp/deconvolution.go:365.95,371.9 4 0
github.com/tisayama/gorsudp/pkg/dsp/deconvolution.go:391.2,399.3 1 0
github.com/tisayama/gorsudp/pkg/dsp/deconvolution.go:372.87,376.25 3 0
github.com/tisayama/gorsudp/pkg/dsp/deconvolution.go:378.66,382.25 3 0
github.com/tisayama/gorsudp/pkg/dsp/deconvolution.go:384.52,388.25 3 0
github.com/tisayama/gorsudp/pkg/dsp/filter.go:18.37,19.11 1 0
github.com/tisayama/gorsudp/pkg/dsp/filter.go:20.22,21.20 1 0
github.com/tisayama/gorsudp/pkg/dsp/filter.go:22.21,23.19 1 0
github.com/tisayama/gorsudp/pkg/dsp/filter.go:24.22,25.20 1 0
github.com/tisayama/gorsudp/pkg/dsp/filter.go:26.10,27.19 1 0
github.com/tisayama/gorsudp/pkg/dsp/filter.go:49.128,50.30 1 1
github.com/tisayama/gorsudp/pkg/dsp/filter.go:54.2,54.21 1 1
github.com/tisayama/gorsudp/pkg/dsp/filter.go:59.2,60.20 2 1
github.com/tisayama/gorsudp/pkg/dsp/filter.go:75.2,84.55 2 1
github.com/tisayama/gorsudp/pkg/dsp/filter.go:89.2,92.20 3 1
github.com/tisayama/gorsudp/pkg/dsp/filter.go:50.30,52.3 1 1
github.com/tisayama/gorsudp/pkg/dsp/filter.go:54.21,56.3 1 0
github.com/tisayama/gorsudp/pkg/dsp/filter.go:61.21,62.43 1 1
github.com/tisayama/gorsudp/pkg/dsp/filter.go:65.22,66.41 1 1
github.com/tisayama/gorsudp/pkg/dsp/filter.go:69.22,70.82 1 1
github.com/tisayama/gorsudp/pkg/dsp/filter.go:62.43,64.4 1 1
github.com/tisayama/gorsudp/pkg/dsp/filter.go:66.41,68.4 1 0
github.com/tisayama/gorsudp/pkg/dsp/filter.go:70.82,72.4 1 1
github.com/tisayama/gorsudp/pkg/dsp/filter.go:84.55,86.3 1 0
github.com/tisayama/gorsudp/pkg/dsp/filter.go:96.59,97.22 1 1
github.com/tisayama/gorsudp/pkg/dsp/filter.go:98.21,99.42 1 1
github.com/tisayama/gorsudp/pkg/dsp/filter.go:100.22,101.43 1 1
github.com/tisayama/gorsudp/pkg/dsp/filter.go:102.22,103.43 1 1
github.com/tisayama/gorsudp/pkg/dsp/filter.go:104.10,105.47 1 0
github.com/tisayama/gorsudp/pkg/dsp/filter.go:110.66,115.15 2 1
github.com/tisayama/gorsudp/pkg/dsp/filter.go:120.2,120.17 1 1
github.com/tisayama/gorsudp/pkg/dsp/filter.go:145.2,145.12 1 1
github.com/tisayama/gorsudp/pkg/dsp/filter.go:115.15,117.3 1 0
github.com/tisayama/gorsudp/pkg/dsp/filter.go:121.9,129.25 5 0
github.com/tisayama/gorsudp/pkg/dsp/filter.go:131.9,137.82 4 1
github.com/tisayama/gorsudp/pkg/dsp/filter.go:139.10,142.42 2 0
github.com/tisayama/gorsudp/pkg/dsp/filter.go:149.67,154.15 2 1
github.com/tisayama/gorsudp/pkg/dsp/filter.go:157.2,157.15 1 1
github.com/tisayama/gorsudp/pkg/dsp/filter.go:161.2,161.17 1 1
github.com/tisayama/gorsudp/pkg/dsp/filter.go:185.2,185.12 1 1
github.com/tisayama/gorsudp/pkg/dsp/filter.go:154.15,156.3 1 0
github.com/tisayama/gorsudp/pkg/dsp/filter.go:157.15,159.3 1 0
github.com/tisayama/gorsudp/pkg/dsp/filter.go:162.9,169.25 5 0
github.com/tisayama/gorsudp/pkg/dsp/filter.go:171.9,177.82 4 1
github.com/tisayama/gorsudp/pkg/dsp/filter.go:179.10,182.43 2 0
github.com/tisayama/gorsudp/pkg/dsp/filter.go:189.67,195.15 3 1
github.com/tisayama/gorsudp/pkg/dsp/filter.go:198.2,198.15 1 1
github.com/tisayama/gorsudp/pkg/dsp/filter.go:201.2,201.14 1 1
github.com/tisayama/gorsudp/pkg/dsp/filter.go:206.2,220.12 9 1
github.com/tisayama/gorsudp/pkg/dsp/filter.go:195.15,197.3 1 0
github.com/tisayama/gorsudp/pkg/dsp/filter.go:198.15,200.3 1 0
github.com/tisayama/gorsudp/pkg/dsp/filter.go:201.14,203.3 1 0
github.com/tisayama/gorsudp/pkg/dsp/filter.go:224.68,229.22 1 0
github.com/tisayama/gorsudp/pkg/dsp/filter.go:241.2,241.68 1 0
github.com/tisayama/gorsudp/pkg/dsp/filter.go:230.21,232.42 2 0
github.com/tisayama/gorsudp/pkg/dsp/filter.go:233.22,235.43 2 0
github.com/tisayama/gorsudp/pkg/dsp/filter.go:236.22,238.43 2 0
github.com/tisayama/gorsudp/pkg/dsp/filter.go:245.58,247.47 1 1
github.com/tisayama/gorsudp/pkg/dsp/filter.go:252.2,252.36 1 1
github.com/tisayama/gorsudp/pkg/dsp/filter.go:255.2,261.48 3 1
github.com/tisayama/gorsudp/pkg/dsp/filter.go:266.2,266.48 1 1
github.com/tisayama/gorsudp/pkg/dsp/filter.go:271.2,271.49 1 1
github.com/tisayama/gorsudp/pkg/dsp/filter.go:283.2,283.29 1 1
github.com/tisayama/gorsudp/pkg/dsp/filter.go:292.2,292.36 1 1
github.com/tisayama/gorsudp/pkg/dsp/filter.go:295.2,297.15 2 1
github.com/tisayama/gorsudp/pkg/dsp/filter.go:247.47,249.3 1 0
github.com/tisayama/gorsudp/pkg/dsp/filter.go:252.36,254.3 1 1
github.com/tisayama/gorsudp/pkg/dsp/filter.go:261.48,263.3 1 1
github.com/tisayama/gorsudp/pkg/dsp/filter.go:266.48,268.3 1 1
github.com/tisayama/gorsudp/pkg/dsp/filter.go:271.49,274.22 2 0
github.com/tisayama/gorsudp/pkg/dsp/filter.go:277.3,277.22 1 0
github.com/tisayama/gorsudp/pkg/dsp/filter.go:274.22,276.4 1 0
github.com/tisayama/gorsudp/pkg/dsp/filter.go:277.22,279.4 1 0
github.com/tisayama/gorsudp/pkg/dsp/filter.go:283.29,284.17 1 1
github.com/tisayama/gorsudp/pkg/dsp/filter.go:284.17,286.4 1 1
github.com/tisayama/gorsudp/pkg/dsp/filter.go:286.9,288.4 1 1
github.com/tisayama/gorsudp/pkg/dsp/filter.go:292.36,294.3 1 1
github.com/tisayama/gorsudp/pkg/dsp/filter.go:301.67,303.31 2 1
github.com/tisayama/gorsudp/pkg/dsp/filter.go:306.2,306.15 1 1
github.com/tisayama/gorsudp/pkg/dsp/filter.go:303.31,305.3 1 1
github.com/tisayama/gorsudp/pkg/dsp/filter.go:310.37,311.21 1 1
github.com/tisayama/gorsudp/pkg/dsp/filter.go:314.2,314.21 1 1
github.com/tisayama/gorsudp/pkg/dsp/filter.go:311.21,313.3 1 1
github.com/tisayama/gorsudp/pkg/dsp/filter.go:314.21,316.3 1 1
github.com/tisayama/gorsudp/pkg/dsp/filter.go:320.95,323.35 2 1
github.com/tisayama/gorsudp/pkg/dsp/filter.go:350.2,350.22 1 1
github.com/tisayama/gorsudp/pkg/dsp/filter.go:323.35,334.33 6 1
github.com/tisayama/gorsudp/pkg/dsp/filter.go:340.3,341.33 2 1
github.com/tisayama/gorsudp/pkg/dsp/filter.go:347.3,347.40 1 1
github.com/tisayama/gorsudp/pkg/dsp/filter.go:334.33,337.4 2 1
github.com/tisayama/gorsudp/pkg/dsp/filter.go:341.33,344.4 2 1
github.com/tisayama/gorsudp/pkg/dsp/filter.go:354.92,356.16 2 1
github.com/tisayama/gorsudp/pkg/dsp/filter.go:360.2,361.29 2 1
github.com/tisayama/gorsudp/pkg/dsp/filter.go:365.2,365.23 1 1
github.com/tisayama/gorsudp/pkg/dsp/filter.go:356.16,358.3 1 0
github.com/tisayama/gorsudp/pkg/dsp/filter.go:361.29,363.3 1 1
github.com/tisayama/gorsudp/pkg/dsp/filter.go:369.88,371.16 2 1
github.com/tisayama/gorsudp/pkg/dsp/filter.go:375.2,376.29 2 1
github.com/tisayama/gorsudp/pkg/dsp/filter.go:380.2,380.19 1 1
github.com/tisayama/gorsudp/pkg/dsp/filter.go:371.16,373.3 1 0
github.com/tisayama/gorsudp/pkg/dsp/filter.go:376.29,378.3 1 1
github.com/tisayama/gorsudp/pkg/dsp/filter.go:393.75,395.2 1 1
github.com/tisayama/gorsudp/pkg/dsp/stalta.go:54.72,55.29 1 1
github.com/tisayama/gorsudp/pkg/dsp/stalta.go:58.2,58.29 1 1
github.com/tisayama/gorsudp/pkg/dsp/stalta.go:61.2,61.46 1 1
github.com/tisayama/gorsudp/pkg/dsp/stalta.go:64.2,64.27 1 1
github.com/tisayama/gorsudp/pkg/dsp/stalta.go:67.2,67.23 1 1
github.com/tisayama/gorsudp/pkg/dsp/stalta.go:70.2,70.28 1 1
github.com/tisayama/gorsudp/pkg/dsp/stalta.go:74.2,77.19 3 1
github.com/tisayama/gorsudp/pkg/dsp/stalta.go:80.2,80.19 1 1
github.com/tisayama/gorsudp/pkg/dsp/stalta.go:84.2,96.26 2 1
github.com/tisayama/gorsudp/pkg/dsp/stalta.go:101.2,101.23 1 1
github.com/tisayama/gorsudp/pkg/dsp/stalta.go:55.29,57.3 1 0
github.com/tisayama/gorsudp/pkg/dsp/stalta.go:58.29,60.3 1 0
github.com/tisayama/gorsudp/pkg/dsp/stalta.go:61.46,63.3 1 1
github.com/tisayama/gorsudp/pkg/dsp/stalta.go:64.27,66.3 1 1
github.com/tisayama/gorsudp/pkg/dsp/stalta.go:67.23,69.3 1 0
github.com/tisayama/gorsudp/pkg/dsp/stalta.go:70.28,72.3 1 1
github.com/tisayama/gorsudp/pkg/dsp/stalta.go:77.19,79.3 1 0
github.com/tisayama/gorsudp/pkg/dsp/stalta.go:80.19,82.3 1 0
github.com/tisayama/gorsudp/pkg/dsp/stalta.go:96.26,99.3 2 1
github.com/tisayama/gorsudp/pkg/dsp/stalta.go:105.67,111.20 4 1
github.com/tisayama/gorsudp/pkg/dsp/stalta.go:114.2,114.31 1 1
github.com/tisayama/gorsudp/pkg/dsp/stalta.go:111.20,113.3 1 1
github.com/tisayama/gorsudp/pkg/dsp/stalta.go:118.79,122.33 3 0
github.com/tisayama/gorsudp/pkg/dsp/stalta.go:128.2,128.25 1 0
github.com/tisayama/gorsudp/pkg/dsp/stalta.go:122.33,126.3 3 0
github.com/tisayama/gorsudp/pkg/dsp/stalta.go:132.76,135.19 2 1
github.com/tisayama/gorsudp/pkg/dsp/stalta.go:143.2,143.41 1 1
github.com/tisayama/gorsudp/pkg/dsp/stalta.go:154.2,154.41 1 1
github.com/tisayama/gorsudp/pkg/dsp/stalta.go:164.2,164.19 1 1
github.com/tisayama/gorsudp/pkg/dsp/stalta.go:171.2,171.34 1 1
github.com/tisayama/gorsudp/pkg/dsp/stalta.go:135.19,137.3 1 1
github.com/tisayama/gorsudp/pkg/dsp/stalta.go:137.8,139.3 1 0
github.com/tisayama/gorsudp/pkg/dsp/stalta.go:143.41,146.3 1 1
github.com/tisayama/gorsudp/pkg/dsp/stalta.go:146.8,150.3 2 1
github.com/tisayama/gorsudp/pkg/dsp/stalta.go:154.41,157.3 1 1
github.com/tisayama/gorsudp/pkg/dsp/stalta.go:157.8,161.3 2 1
github.com/tisayama/gorsudp/pkg/dsp/stalta.go:164.19,166.3 1 1
github.com/tisayama/gorsudp/pkg/dsp/stalta.go:166.8,168.3 1 0
github.com/tisayama/gorsudp/pkg/dsp/stalta.go:175.72,178.19 2 1
github.com/tisayama/gorsudp/pkg/dsp/stalta.go:185.2,190.41 4 1
github.com/tisayama/gorsudp/pkg/dsp/stalta.go:204.2,209.41 4 1
github.com/tisayama/gorsudp/pkg/dsp/stalta.go:223.2,223.19 1 1
github.com/tisayama/gorsudp/pkg/dsp/stalta.go:230.2,230.34 1 1
github.com/tisayama/gorsudp/pkg/dsp/stalta.go:178.19,180.3 1 1
github.com/tisayama/gorsudp/pkg/dsp/stalta.go:180.8,182.3 1 0
github.com/tisayama/gorsudp/pkg/dsp/stalta.go:190.41,193.3 1 1
github.com/tisayama/gorsudp/pkg/dsp/stalta.go:193.8,197.33 3 1
github.com/tisayama/gorsudp/pkg/dsp/stalta.go:200.3,200.41 1 1
github.com/tisayama/gorsudp/pkg/dsp/stalta.go:197.33,199.4 1 1
github.com/tisayama/gorsudp/pkg/dsp/stalta.go:209.41,212.3 1 1
github.com/tisayama/gorsudp/pkg/dsp/stalta.go:212.8,216.33 3 1
github.com/tisayama/gorsudp/pkg/dsp/stalta.go:219.3,219.41 1 1
github.com/tisayama/gorsudp/pkg/dsp/stalta.go:216.33,218.4 1 1
github.com/tisayama/gorsudp/pkg/dsp/stalta.go:223.19,225.3 1 1
github.com/tisayama/gorsudp/pkg/dsp/stalta.go:225.8,227.3 1 0
github.com/tisayama/gorsudp/pkg/dsp/stalta.go:234.47,236.40 1 1
github.com/tisayama/gorsudp/pkg/dsp/stalta.go:241.2,241.43 1 1
github.com/tisayama/gorsudp/pkg/dsp/stalta.go:247.2,247.38 1 1
github.com/tisayama/gorsudp/pkg/dsp/stalta.go:251.2,251.20 1 1
github.com/tisayama/gorsudp/pkg/dsp/stalta.go:236.40,238.3 1 1
github.com/tisayama/gorsudp/pkg/dsp/stalta.go:241.43,244.3 2 1
github.com/tisayama/gorsudp/pkg/dsp/stalta.go:247.38,249.3 1 1
github.com/tisayama/gorsudp/pkg/dsp/stalta.go:255.46,259.2 3 1
github.com/tisayama/gorsudp/pkg/dsp/stalta.go:262.46,266.2 3 1
github.com/tisayama/gorsudp/pkg/dsp/stalta.go:269.44,273.2 3 0
github.com/tisayama/gorsudp/pkg/dsp/stalta.go:276.44,280.2 3 0
github.com/tisayama/gorsudp/pkg/dsp/stalta.go:283.35,298.24 12 0
github.com/tisayama/gorsudp/pkg/dsp/stalta.go:303.2,303.24 1 0
github.com/tisayama/gorsudp/pkg/dsp/stalta.go:298.24,299.30 1 0
github.com/tisayama/gorsudp/pkg/dsp/stalta.go:299.30,301.4 1 0
github.com/tisayama/gorsudp/pkg/dsp/stalta.go:303.24,304.30 1 0
github.com/tisayama/gorsudp/pkg/dsp/stalta.go:304.30,306.4 1 0
github.com/tisayama/gorsudp/pkg/dsp/stalta.go:311.50,326.2 3 1
github.com/tisayama/gorsudp/pkg/dsp/stalta.go:342.78,346.31 3 1
github.com/tisayama/gorsudp/pkg/dsp/stalta.go:355.2,355.15 1 1
github.com/tisayama/gorsudp/pkg/dsp/stalta.go:346.31,347.38 1 1
github.com/tisayama/gorsudp/pkg/dsp/stalta.go:347.38,350.4 2 1
github.com/tisayama/gorsudp/pkg/dsp/stalta.go:350.9,350.49 1 1
github.com/tisayama/gorsudp/pkg/dsp/stalta.go:350.49,352.4 1 1
github.com/tisayama/gorsudp/pkg/dsp/stalta.go:360.90,361.27 1 1
github.com/tisayama/gorsudp/pkg/dsp/stalta.go:365.2,365.28 1 1
github.com/tisayama/gorsudp/pkg/dsp/stalta.go:369.2,371.41 2 1
github.com/tisayama/gorsudp/pkg/dsp/stalta.go:394.2,394.20 1 1
github.com/tisayama/gorsudp/pkg/dsp/stalta.go:361.27,363.3 1 0
github.com/tisayama/gorsudp/pkg/dsp/stalta.go:365.28,367.3 1 0
github.com/tisayama/gorsudp/pkg/dsp/stalta.go:371.41,374.38 2 1
github.com/tisayama/gorsudp/pkg/dsp/stalta.go:377.3,381.38 3 1
github.com/tisayama/gorsudp/pkg/dsp/stalta.go:384.3,387.18 2 1
github.com/tisayama/gorsudp/pkg/dsp/stalta.go:374.38,376.4 1 1
github.com/tisayama/gorsudp/pkg/dsp/stalta.go:381.38,383.4 1 1
github.com/tisayama/gorsudp/pkg/dsp/stalta.go:387.18,389.4 1 1
github.com/tisayama/gorsudp/pkg/dsp/stalta.go:389.9,391.4 1 0
